/data/wjkim9653/anaconda3/envs/HELM/lib/python3.10/site-packages/torch/cuda/__init__.py:88: UserWarning: CUDA initialization: CUDA driver initialization failed, you might not have a CUDA gpu. (Triggered internally at ../c10/cuda/CUDAFunctions.cpp:109.)
  return torch._C._cuda_getDeviceCount() > 0
Downloading shards:   0%|          | 0/2 [00:00<?, ?it/s]Downloading shards:  50%|█████     | 1/2 [03:59<03:59, 239.38s/it]Downloading shards: 100%|██████████| 2/2 [05:00<00:00, 134.26s/it]Downloading shards: 100%|██████████| 2/2 [05:00<00:00, 150.03s/it]
Loading checkpoint shards:   0%|          | 0/2 [00:00<?, ?it/s]Loading checkpoint shards:  50%|█████     | 1/2 [00:32<00:32, 32.37s/it]Loading checkpoint shards: 100%|██████████| 2/2 [00:40<00:00, 17.87s/it]Loading checkpoint shards: 100%|██████████| 2/2 [00:40<00:00, 20.05s/it]
Setting `pad_token_id` to `eos_token_id`:128001 for open-end generation.
Setting `pad_token_id` to `eos_token_id`:128001 for open-end generation.
Setting `pad_token_id` to `eos_token_id`:128001 for open-end generation.
Setting `pad_token_id` to `eos_token_id`:128001 for open-end generation.
Setting `pad_token_id` to `eos_token_id`:128001 for open-end generation.
Setting `pad_token_id` to `eos_token_id`:128001 for open-end generation.
Setting `pad_token_id` to `eos_token_id`:128001 for open-end generation.
Setting `pad_token_id` to `eos_token_id`:128001 for open-end generation.
Setting `pad_token_id` to `eos_token_id`:128001 for open-end generation.
Setting `pad_token_id` to `eos_token_id`:128001 for open-end generation.
Setting `pad_token_id` to `eos_token_id`:128001 for open-end generation.
Setting `pad_token_id` to `eos_token_id`:128001 for open-end generation.
Setting `pad_token_id` to `eos_token_id`:128001 for open-end generation.
Setting `pad_token_id` to `eos_token_id`:128001 for open-end generation.
Setting `pad_token_id` to `eos_token_id`:128001 for open-end generation.
Setting `pad_token_id` to `eos_token_id`:128001 for open-end generation.
Setting `pad_token_id` to `eos_token_id`:128001 for open-end generation.
Setting `pad_token_id` to `eos_token_id`:128001 for open-end generation.
Setting `pad_token_id` to `eos_token_id`:128001 for open-end generation.
Setting `pad_token_id` to `eos_token_id`:128001 for open-end generation.
Setting `pad_token_id` to `eos_token_id`:128001 for open-end generation.
Setting `pad_token_id` to `eos_token_id`:128001 for open-end generation.
Setting `pad_token_id` to `eos_token_id`:128001 for open-end generation.
Setting `pad_token_id` to `eos_token_id`:128001 for open-end generation.
Setting `pad_token_id` to `eos_token_id`:128001 for open-end generation.
Setting `pad_token_id` to `eos_token_id`:128001 for open-end generation.
Setting `pad_token_id` to `eos_token_id`:128001 for open-end generation.
Setting `pad_token_id` to `eos_token_id`:128001 for open-end generation.
Setting `pad_token_id` to `eos_token_id`:128001 for open-end generation.
Setting `pad_token_id` to `eos_token_id`:128001 for open-end generation.
Traceback (most recent call last):
  File "/data/wjkim9653/anaconda3/envs/HELM/bin/helm-run", line 8, in <module>
    sys.exit(main())
  File "/data/wjkim9653/anaconda3/envs/HELM/lib/python3.10/site-packages/helm/benchmark/run.py", line 377, in main
    return helm_run(args)
  File "/data/wjkim9653/anaconda3/envs/HELM/lib/python3.10/site-packages/helm/common/hierarchical_logger.py", line 140, in wrapper
    return fn(*args, **kwargs)
  File "/data/wjkim9653/anaconda3/envs/HELM/lib/python3.10/site-packages/helm/benchmark/run.py", line 274, in helm_run
    run_benchmarking(
  File "/data/wjkim9653/anaconda3/envs/HELM/lib/python3.10/site-packages/helm/benchmark/run.py", line 127, in run_benchmarking
    runner.run_all(run_specs)
  File "/data/wjkim9653/anaconda3/envs/HELM/lib/python3.10/site-packages/helm/benchmark/runner.py", line 225, in run_all
    raise RunnerError(f"Failed runs: [{failed_runs_str}]")
helm.benchmark.runner.RunnerError: Failed runs: ["aci_bench:model=wjkim9653_llama-3.2-3b-instruct-ldi-clinic-base-rlaif-rlhf,model_deployment=huggingface_llama-3.2-3b-instruct-ldi-clinic-base-rlaif-rlhf"]
