Downloading shards:   0%|          | 0/8 [00:00<?, ?it/s]Downloading shards:  12%|█▎        | 1/8 [00:20<02:25, 20.81s/it]Downloading shards:  25%|██▌       | 2/8 [00:39<01:56, 19.38s/it]Downloading shards:  38%|███▊      | 3/8 [00:57<01:34, 18.93s/it]Downloading shards:  50%|█████     | 4/8 [01:16<01:15, 18.85s/it]Downloading shards:  62%|██████▎   | 5/8 [01:35<00:57, 19.12s/it]Downloading shards:  75%|███████▌  | 6/8 [01:53<00:37, 18.72s/it]Downloading shards:  88%|████████▊ | 7/8 [02:12<00:18, 18.68s/it]Downloading shards: 100%|██████████| 8/8 [02:17<00:00, 14.24s/it]Downloading shards: 100%|██████████| 8/8 [02:17<00:00, 17.15s/it]
Loading checkpoint shards:   0%|          | 0/8 [00:00<?, ?it/s]Loading checkpoint shards:  12%|█▎        | 1/8 [00:06<00:48,  6.90s/it]Loading checkpoint shards:  25%|██▌       | 2/8 [00:12<00:38,  6.42s/it]Loading checkpoint shards:  38%|███▊      | 3/8 [00:18<00:29,  5.83s/it]Loading checkpoint shards:  50%|█████     | 4/8 [00:23<00:23,  5.78s/it]Loading checkpoint shards:  62%|██████▎   | 5/8 [00:29<00:17,  5.71s/it]Loading checkpoint shards:  75%|███████▌  | 6/8 [00:34<00:11,  5.54s/it]Loading checkpoint shards:  88%|████████▊ | 7/8 [00:39<00:05,  5.37s/it]Loading checkpoint shards: 100%|██████████| 8/8 [00:40<00:00,  3.87s/it]Loading checkpoint shards: 100%|██████████| 8/8 [00:40<00:00,  5.04s/it]
Setting `pad_token_id` to `eos_token_id`:2 for open-end generation.
Setting `pad_token_id` to `eos_token_id`:2 for open-end generation.
Setting `pad_token_id` to `eos_token_id`:2 for open-end generation.
Setting `pad_token_id` to `eos_token_id`:2 for open-end generation.
This is a friendly reminder - the current text generation call will exceed the model's predefined maximum length (2048). Depending on the model, you may observe exceptions, performance degradation, or nothing at all.
Setting `pad_token_id` to `eos_token_id`:2 for open-end generation.
Setting `pad_token_id` to `eos_token_id`:2 for open-end generation.
Setting `pad_token_id` to `eos_token_id`:2 for open-end generation.
Setting `pad_token_id` to `eos_token_id`:2 for open-end generation.
Setting `pad_token_id` to `eos_token_id`:2 for open-end generation.
Setting `pad_token_id` to `eos_token_id`:2 for open-end generation.
Setting `pad_token_id` to `eos_token_id`:2 for open-end generation.
Setting `pad_token_id` to `eos_token_id`:2 for open-end generation.
Setting `pad_token_id` to `eos_token_id`:2 for open-end generation.
Setting `pad_token_id` to `eos_token_id`:2 for open-end generation.
Setting `pad_token_id` to `eos_token_id`:2 for open-end generation.
Setting `pad_token_id` to `eos_token_id`:2 for open-end generation.
Setting `pad_token_id` to `eos_token_id`:2 for open-end generation.
Setting `pad_token_id` to `eos_token_id`:2 for open-end generation.
Setting `pad_token_id` to `eos_token_id`:2 for open-end generation.
Setting `pad_token_id` to `eos_token_id`:2 for open-end generation.
Setting `pad_token_id` to `eos_token_id`:2 for open-end generation.
Setting `pad_token_id` to `eos_token_id`:2 for open-end generation.
Setting `pad_token_id` to `eos_token_id`:2 for open-end generation.
/data/wjkim9653/anaconda3/envs/HELM/lib/python3.10/site-packages/spacy/pipeline/lemmatizer.py:188: UserWarning: [W108] The rule-based lemmatizer did not find POS annotation for one or more tokens. Check that your pipeline includes components that assign token.pos, typically 'tagger'+'attribute_ruler' or 'morphologizer'.
  warnings.warn(Warnings.W108)
Warning: Empty candidate sentence detected; setting raw BERTscores to 0.
Warning: Empty candidate sentence detected; setting raw BERTscores to 0.
Warning: Empty candidate sentence detected; setting raw BERTscores to 0.
Warning: Empty candidate sentence detected; setting raw BERTscores to 0.
Warning: Empty candidate sentence detected; setting raw BERTscores to 0.
Warning: Empty candidate sentence detected; setting raw BERTscores to 0.
Warning: Empty candidate sentence detected; setting raw BERTscores to 0.
Warning: Empty candidate sentence detected; setting raw BERTscores to 0.
Warning: Empty candidate sentence detected; setting raw BERTscores to 0.
Warning: Empty candidate sentence detected; setting raw BERTscores to 0.
Warning: Empty candidate sentence detected; setting raw BERTscores to 0.
Warning: Empty candidate sentence detected; setting raw BERTscores to 0.
Warning: Empty candidate sentence detected; setting raw BERTscores to 0.
Warning: Empty candidate sentence detected; setting raw BERTscores to 0.
Warning: Empty candidate sentence detected; setting raw BERTscores to 0.
