Setting `pad_token_id` to `eos_token_id`:128001 for open-end generation.
Setting `pad_token_id` to `eos_token_id`:128001 for open-end generation.
Setting `pad_token_id` to `eos_token_id`:128001 for open-end generation.
Setting `pad_token_id` to `eos_token_id`:128001 for open-end generation.
Setting `pad_token_id` to `eos_token_id`:128001 for open-end generation.
Setting `pad_token_id` to `eos_token_id`:128001 for open-end generation.
Setting `pad_token_id` to `eos_token_id`:128001 for open-end generation.
Setting `pad_token_id` to `eos_token_id`:128001 for open-end generation.
Setting `pad_token_id` to `eos_token_id`:128001 for open-end generation.
Setting `pad_token_id` to `eos_token_id`:128001 for open-end generation.
Setting `pad_token_id` to `eos_token_id`:128001 for open-end generation.
Setting `pad_token_id` to `eos_token_id`:128001 for open-end generation.
Setting `pad_token_id` to `eos_token_id`:128001 for open-end generation.
Setting `pad_token_id` to `eos_token_id`:128001 for open-end generation.
Setting `pad_token_id` to `eos_token_id`:128001 for open-end generation.
Setting `pad_token_id` to `eos_token_id`:128001 for open-end generation.
Setting `pad_token_id` to `eos_token_id`:128001 for open-end generation.
Setting `pad_token_id` to `eos_token_id`:128001 for open-end generation.
Setting `pad_token_id` to `eos_token_id`:128001 for open-end generation.
Setting `pad_token_id` to `eos_token_id`:128001 for open-end generation.
--2025-09-01 01:32:31--  https://storage.googleapis.com/crfm-helm-public/source_datasets/metrics/summarization_metrics/qafacteval.pk
Resolving storage.googleapis.com (storage.googleapis.com)... 74.125.21.207, 64.233.176.207, 64.233.177.207, ...
Connecting to storage.googleapis.com (storage.googleapis.com)|74.125.21.207|:443... connected.
HTTP request sent, awaiting response... 200 OK
Length: 15851990 (15M) [application/x-tex-pk]
Saving to: ‘benchmark_output/runs/my-medhelm-suite/eval_cache/qafacteval.pk.tmp’

     0K .......... .......... .......... .......... ..........  0%  138K 1m52s
    50K .......... .......... .......... .......... ..........  0%  310K 81s
   100K .......... .......... .......... .......... ..........  0%  500K 64s
   150K .......... .......... .......... .......... ..........  1%  650K 54s
   200K .......... .......... .......... .......... ..........  1%  810K 47s
   250K .......... .......... .......... .......... ..........  1% 1.04M 41s
   300K .......... .......... .......... .......... ..........  2% 1.17M 37s
   350K .......... .......... .......... .......... ..........  2% 1.36M 33s
   400K .......... .......... .......... .......... ..........  2% 1.62M 31s
   450K .......... .......... .......... .......... ..........  3% 1.69M 28s
   500K .......... .......... .......... .......... ..........  3% 1.85M 26s
   550K .......... .......... .......... .......... ..........  3% 2.16M 25s
   600K .......... .......... .......... .......... ..........  4% 2.20M 23s
   650K .......... .......... .......... .......... ..........  4% 2.54M 22s
   700K .......... .......... .......... .......... ..........  4% 2.54M 21s
   750K .......... .......... .......... .......... ..........  5% 2.94M 20s
   800K .......... .......... .......... .......... ..........  5% 2.99M 19s
   850K .......... .......... .......... .......... ..........  5% 3.37M 18s
   900K .......... .......... .......... .......... ..........  6% 3.34M 17s
   950K .......... .......... .......... .......... ..........  6% 3.71M 16s
  1000K .......... .......... .......... .......... ..........  6% 3.34M 16s
  1050K .......... .......... .......... .......... ..........  7% 4.26M 15s
  1100K .......... .......... .......... .......... ..........  7% 4.63M 15s
  1150K .......... .......... .......... .......... ..........  7% 3.35M 14s
  1200K .......... .......... .......... .......... ..........  8% 4.70M 14s
  1250K .......... .......... .......... .......... ..........  8% 5.30M 13s
  1300K .......... .......... .......... .......... ..........  8% 4.98M 13s
  1350K .......... .......... .......... .......... ..........  9% 5.15M 12s
  1400K .......... .......... .......... .......... ..........  9% 5.46M 12s
  1450K .......... .......... .......... .......... ..........  9% 5.66M 12s
  1500K .......... .......... .......... .......... .......... 10% 6.42M 11s
  1550K .......... .......... .......... .......... .......... 10% 4.44M 11s
  1600K .......... .......... .......... .......... .......... 10% 6.10M 11s
  1650K .......... .......... .......... .......... .......... 10% 6.47M 10s
  1700K .......... .......... .......... .......... .......... 11% 7.09M 10s
  1750K .......... .......... .......... .......... .......... 11% 6.83M 10s
  1800K .......... .......... .......... .......... .......... 11% 6.78M 10s
  1850K .......... .......... .......... .......... .......... 12% 7.37M 9s
  1900K .......... .......... .......... .......... .......... 12% 7.43M 9s
  1950K .......... .......... .......... .......... .......... 12% 5.84M 9s
  2000K .......... .......... .......... .......... .......... 13% 8.08M 9s
  2050K .......... .......... .......... .......... .......... 13% 7.92M 8s
  2100K .......... .......... .......... .......... .......... 13% 8.35M 8s
  2150K .......... .......... .......... .......... .......... 14% 8.32M 8s
  2200K .......... .......... .......... .......... .......... 14% 8.48M 8s
  2250K .......... .......... .......... .......... .......... 14% 8.45M 8s
  2300K .......... .......... .......... .......... .......... 15% 8.77M 8s
  2350K .......... .......... .......... .......... .......... 15% 6.79M 7s
  2400K .......... .......... .......... .......... .......... 15% 9.43M 7s
  2450K .......... .......... .......... .......... .......... 16% 11.1M 7s
  2500K .......... .......... .......... .......... .......... 16% 9.41M 7s
  2550K .......... .......... .......... .......... .......... 16% 10.8M 7s
  2600K .......... .......... .......... .......... .......... 17% 8.54M 7s
  2650K .......... .......... .......... .......... .......... 17% 10.6M 7s
  2700K .......... .......... .......... .......... .......... 17% 10.6M 6s
  2750K .......... .......... .......... .......... .......... 18% 8.91M 6s
  2800K .......... .......... .......... .......... .......... 18% 10.7M 6s
  2850K .......... .......... .......... .......... .......... 18% 11.7M 6s
  2900K .......... .......... .......... .......... .......... 19% 10.7M 6s
  2950K .......... .......... .......... .......... .......... 19% 12.6M 6s
  3000K .......... .......... .......... .......... .......... 19% 10.2M 6s
  3050K .......... .......... .......... .......... .......... 20% 12.8M 6s
  3100K .......... .......... .......... .......... .......... 20% 10.8M 6s
  3150K .......... .......... .......... .......... .......... 20% 10.8M 6s
  3200K .......... .......... .......... .......... .......... 20% 11.0M 5s
  3250K .......... .......... .......... .......... .......... 21% 13.8M 5s
  3300K .......... .......... .......... .......... .......... 21% 12.4M 5s
  3350K .......... .......... .......... .......... .......... 21% 12.7M 5s
  3400K .......... .......... .......... .......... .......... 22% 13.1M 5s
  3450K .......... .......... .......... .......... .......... 22% 12.7M 5s
  3500K .......... .......... .......... .......... .......... 22% 14.3M 5s
  3550K .......... .......... .......... .......... .......... 23% 10.5M 5s
  3600K .......... .......... .......... .......... .......... 23% 13.5M 5s
  3650K .......... .......... .......... .......... .......... 23% 14.0M 5s
  3700K .......... .......... .......... .......... .......... 24% 15.9M 5s
  3750K .......... .......... .......... .......... .......... 24% 13.6M 5s
  3800K .......... .......... .......... .......... .......... 24% 16.2M 4s
  3850K .......... .......... .......... .......... .......... 25% 13.5M 4s
  3900K .......... .......... .......... .......... .......... 25% 16.4M 4s
  3950K .......... .......... .......... .......... .......... 25% 11.2M 4s
  4000K .......... .......... .......... .......... .......... 26% 17.3M 4s
  4050K .......... .......... .......... .......... .......... 26% 13.8M 4s
  4100K .......... .......... .......... .......... .......... 26% 16.0M 4s
  4150K .......... .......... .......... .......... .......... 27% 17.2M 4s
  4200K .......... .......... .......... .......... .......... 27% 17.4M 4s
  4250K .......... .......... .......... .......... .......... 27% 16.2M 4s
  4300K .......... .......... .......... .......... .......... 28% 14.0M 4s
  4350K .......... .......... .......... .......... .......... 28% 13.4M 4s
  4400K .......... .......... .......... .......... .......... 28% 18.2M 4s
  4450K .......... .......... .......... .......... .......... 29% 16.9M 4s
  4500K .......... .......... .......... .......... .......... 29% 16.4M 4s
  4550K .......... .......... .......... .......... .......... 29% 16.7M 4s
  4600K .......... .......... .......... .......... .......... 30% 18.7M 4s
  4650K .......... .......... .......... .......... .......... 30% 16.6M 4s
  4700K .......... .......... .......... .......... .......... 30% 25.0M 3s
  4750K .......... .......... .......... .......... .......... 31% 13.9M 3s
  4800K .......... .......... .......... .......... .......... 31% 16.5M 3s
  4850K .......... .......... .......... .......... .......... 31% 18.1M 3s
  4900K .......... .......... .......... .......... .......... 31% 23.0M 3s
  4950K .......... .......... .......... .......... .......... 32% 17.2M 3s
  5000K .......... .......... .......... .......... .......... 32% 18.0M 3s
  5050K .......... .......... .......... .......... .......... 32% 18.9M 3s
  5100K .......... .......... .......... .......... .......... 33% 22.8M 3s
  5150K .......... .......... .......... .......... .......... 33% 14.2M 3s
  5200K .......... .......... .......... .......... .......... 33% 23.7M 3s
  5250K .......... .......... .......... .......... .......... 34% 16.7M 3s
  5300K .......... .......... .......... .......... .......... 34% 24.9M 3s
  5350K .......... .......... .......... .......... .......... 34% 17.0M 3s
  5400K .......... .......... .......... .......... .......... 35% 25.7M 3s
  5450K .......... .......... .......... .......... .......... 35% 19.5M 3s
  5500K .......... .......... .......... .......... .......... 35% 25.1M 3s
  5550K .......... .......... .......... .......... .......... 36% 16.3M 3s
  5600K .......... .......... .......... .......... .......... 36% 18.2M 3s
  5650K .......... .......... .......... .......... .......... 36% 24.2M 3s
  5700K .......... .......... .......... .......... .......... 37% 25.6M 3s
  5750K .......... .......... .......... .......... .......... 37% 18.2M 3s
  5800K .......... .......... .......... .......... .......... 37% 23.5M 3s
  5850K .......... .......... .......... .......... .......... 38% 26.1M 3s
  5900K .......... .......... .......... .......... .......... 38% 17.3M 3s
  5950K .......... .......... .......... .......... .......... 38% 17.6M 3s
  6000K .......... .......... .......... .......... .......... 39% 26.2M 3s
  6050K .......... .......... .......... .......... .......... 39% 23.8M 2s
  6100K .......... .......... .......... .......... .......... 39% 25.0M 2s
  6150K .......... .......... .......... .......... .......... 40% 25.0M 2s
  6200K .......... .......... .......... .......... .......... 40% 8.94M 2s
  6250K .......... .......... .......... .......... .......... 40% 14.1M 2s
  6300K .......... .......... .......... .......... .......... 41% 14.3M 2s
  6350K .......... .......... .......... .......... .......... 41% 8.68M 2s
  6400K .......... .......... .......... .......... .......... 41% 12.2M 2s
  6450K .......... .......... .......... .......... .......... 41% 13.5M 2s
  6500K .......... .......... .......... .......... .......... 42% 13.0M 2s
  6550K .......... .......... .......... .......... .......... 42% 13.0M 2s
  6600K .......... .......... .......... .......... .......... 42% 24.7M 2s
  6650K .......... .......... .......... .......... .......... 43% 13.9M 2s
  6700K .......... .......... .......... .......... .......... 43% 12.7M 2s
  6750K .......... .......... .......... .......... .......... 43% 9.78M 2s
  6800K .......... .......... .......... .......... .......... 44% 14.5M 2s
  6850K .......... .......... .......... .......... .......... 44% 14.1M 2s
  6900K .......... .......... .......... .......... .......... 44% 12.9M 2s
  6950K .......... .......... .......... .......... .......... 45% 24.6M 2s
  7000K .......... .......... .......... .......... .......... 45% 12.8M 2s
  7050K .......... .......... .......... .......... .......... 45% 13.5M 2s
  7100K .......... .......... .......... .......... .......... 46% 13.6M 2s
  7150K .......... .......... .......... .......... .......... 46% 12.9M 2s
  7200K .......... .......... .......... .......... .......... 46% 24.2M 2s
  7250K .......... .......... .......... .......... .......... 47% 13.4M 2s
  7300K .......... .......... .......... .......... .......... 47% 22.7M 2s
  7350K .......... .......... .......... .......... .......... 47% 12.8M 2s
  7400K .......... .......... .......... .......... .......... 48% 15.3M 2s
  7450K .......... .......... .......... .......... .......... 48% 25.6M 2s
  7500K .......... .......... .......... .......... .......... 48% 13.1M 2s
  7550K .......... .......... .......... .......... .......... 49% 12.9M 2s
  7600K .......... .......... .......... .......... .......... 49% 22.9M 2s
  7650K .......... .......... .......... .......... .......... 49% 13.4M 2s
  7700K .......... .......... .......... .......... .......... 50% 22.8M 2s
  7750K .......... .......... .......... .......... .......... 50% 15.2M 2s
  7800K .......... .......... .......... .......... .......... 50% 21.1M 2s
  7850K .......... .......... .......... .......... .......... 51% 27.4M 2s
  7900K .......... .......... .......... .......... .......... 51% 16.5M 2s
  7950K .......... .......... .......... .......... .......... 51% 13.7M 2s
  8000K .......... .......... .......... .......... .......... 52% 23.6M 2s
  8050K .......... .......... .......... .......... .......... 52% 14.1M 2s
  8100K .......... .......... .......... .......... .......... 52% 26.9M 2s
  8150K .......... .......... .......... .......... .......... 52% 20.5M 2s
  8200K .......... .......... .......... .......... .......... 53% 15.3M 2s
  8250K .......... .......... .......... .......... .......... 53% 22.5M 2s
  8300K .......... .......... .......... .......... .......... 53% 27.0M 1s
  8350K .......... .......... .......... .......... .......... 54% 12.6M 1s
  8400K .......... .......... .......... .......... .......... 54% 23.6M 1s
  8450K .......... .......... .......... .......... .......... 54% 14.8M 1s
  8500K .......... .......... .......... .......... .......... 55% 25.3M 1s
  8550K .......... .......... .......... .......... .......... 55% 25.6M 1s
  8600K .......... .......... .......... .......... .......... 55% 23.4M 1s
  8650K .......... .......... .......... .......... .......... 56% 19.9M 1s
  8700K .......... .......... .......... .......... .......... 56% 14.7M 1s
  8750K .......... .......... .......... .......... .......... 56% 24.7M 1s
  8800K .......... .......... .......... .......... .......... 57% 28.3M 1s
  8850K .......... .......... .......... .......... .......... 57% 24.8M 1s
  8900K .......... .......... .......... .......... .......... 57% 14.6M 1s
  8950K .......... .......... .......... .......... .......... 58% 33.6M 1s
  9000K .......... .......... .......... .......... .......... 58% 18.0M 1s
  9050K .......... .......... .......... .......... .......... 58% 25.3M 1s
  9100K .......... .......... .......... .......... .......... 59% 23.4M 1s
  9150K .......... .......... .......... .......... .......... 59% 28.7M 1s
  9200K .......... .......... .......... .......... .......... 59% 13.2M 1s
  9250K .......... .......... .......... .......... .......... 60% 13.7M 1s
  9300K .......... .......... .......... .......... .......... 60% 14.1M 1s
  9350K .......... .......... .......... .......... .......... 60% 13.9M 1s
  9400K .......... .......... .......... .......... .......... 61% 8.93M 1s
  9450K .......... .......... .......... .......... .......... 61% 19.1M 1s
  9500K .......... .......... .......... .......... .......... 61% 13.0M 1s
  9550K .......... .......... .......... .......... .......... 62% 9.20M 1s
  9600K .......... .......... .......... .......... .......... 62% 12.8M 1s
  9650K .......... .......... .......... .......... .......... 62% 13.6M 1s
  9700K .......... .......... .......... .......... .......... 62% 12.7M 1s
  9750K .......... .......... .......... .......... .......... 63% 13.7M 1s
  9800K .......... .......... .......... .......... .......... 63% 15.1M 1s
  9850K .......... .......... .......... .......... .......... 63% 15.7M 1s
  9900K .......... .......... .......... .......... .......... 64% 13.4M 1s
  9950K .......... .......... .......... .......... .......... 64% 12.8M 1s
 10000K .......... .......... .......... .......... .......... 64% 13.0M 1s
 10050K .......... .......... .......... .......... .......... 65% 13.8M 1s
 10100K .......... .......... .......... .......... .......... 65% 13.8M 1s
 10150K .......... .......... .......... .......... .......... 65% 21.6M 1s
 10200K .......... .......... .......... .......... .......... 66% 12.9M 1s
 10250K .......... .......... .......... .......... .......... 66% 24.3M 1s
 10300K .......... .......... .......... .......... .......... 66% 13.3M 1s
 10350K .......... .......... .......... .......... .......... 67% 13.4M 1s
 10400K .......... .......... .......... .......... .......... 67% 14.1M 1s
 10450K .......... .......... .......... .......... .......... 67% 25.5M 1s
 10500K .......... .......... .......... .......... .......... 68% 11.3M 1s
 10550K .......... .......... .......... .......... .......... 68% 33.9M 1s
 10600K .......... .......... .......... .......... .......... 68% 13.6M 1s
 10650K .......... .......... .......... .......... .......... 69% 20.8M 1s
 10700K .......... .......... .......... .......... .......... 69% 13.5M 1s
 10750K .......... .......... .......... .......... .......... 69% 14.3M 1s
 10800K .......... .......... .......... .......... .......... 70% 23.2M 1s
 10850K .......... .......... .......... .......... .......... 70% 13.3M 1s
 10900K .......... .......... .......... .......... .......... 70% 32.5M 1s
 10950K .......... .......... .......... .......... .......... 71% 14.7M 1s
 11000K .......... .......... .......... .......... .......... 71% 24.0M 1s
 11050K .......... .......... .......... .......... .......... 71% 13.9M 1s
 11100K .......... .......... .......... .......... .......... 72% 27.3M 1s
 11150K .......... .......... .......... .......... .......... 72% 16.1M 1s
 11200K .......... .......... .......... .......... .......... 72% 19.3M 1s
 11250K .......... .......... .......... .......... .......... 72% 24.7M 1s
 11300K .......... .......... .......... .......... .......... 73% 13.7M 1s
 11350K .......... .......... .......... .......... .......... 73% 23.0M 1s
 11400K .......... .......... .......... .......... .......... 73% 21.3M 1s
 11450K .......... .......... .......... .......... .......... 74% 26.5M 1s
 11500K .......... .......... .......... .......... .......... 74% 15.1M 1s
 11550K .......... .......... .......... .......... .......... 74% 22.9M 1s
 11600K .......... .......... .......... .......... .......... 75% 13.3M 1s
 11650K .......... .......... .......... .......... .......... 75% 20.5M 1s
 11700K .......... .......... .......... .......... .......... 75% 34.3M 1s
 11750K .......... .......... .......... .......... .......... 76% 21.1M 1s
 11800K .......... .......... .......... .......... .......... 76% 26.0M 1s
 11850K .......... .......... .......... .......... .......... 76% 14.1M 1s
 11900K .......... .......... .......... .......... .......... 77% 26.3M 1s
 11950K .......... .......... .......... .......... .......... 77% 27.9M 1s
 12000K .......... .......... .......... .......... .......... 77% 29.2M 1s
 12050K .......... .......... .......... .......... .......... 78% 18.1M 1s
 12100K .......... .......... .......... .......... .......... 78% 14.3M 1s
 12150K .......... .......... .......... .......... .......... 78% 26.4M 1s
 12200K .......... .......... .......... .......... .......... 79% 26.1M 1s
 12250K .......... .......... .......... .......... .......... 79% 24.2M 1s
 12300K .......... .......... .......... .......... .......... 79% 30.4M 1s
 12350K .......... .......... .......... .......... .......... 80% 9.08M 0s
 12400K .......... .......... .......... .......... .......... 80% 9.26M 0s
 12450K .......... .......... .......... .......... .......... 80% 12.7M 0s
 12500K .......... .......... .......... .......... .......... 81% 12.1M 0s
 12550K .......... .......... .......... .......... .......... 81% 13.6M 0s
 12600K .......... .......... .......... .......... .......... 81% 12.8M 0s
 12650K .......... .......... .......... .......... .......... 82% 12.2M 0s
 12700K .......... .......... .......... .......... .......... 82% 13.4M 0s
 12750K .......... .......... .......... .......... .......... 82% 13.4M 0s
 12800K .......... .......... .......... .......... .......... 83% 13.9M 0s
 12850K .......... .......... .......... .......... .......... 83% 14.4M 0s
 12900K .......... .......... .......... .......... .......... 83% 15.7M 0s
 12950K .......... .......... .......... .......... .......... 83% 13.1M 0s
 13000K .......... .......... .......... .......... .......... 84% 12.7M 0s
 13050K .......... .......... .......... .......... .......... 84% 13.0M 0s
 13100K .......... .......... .......... .......... .......... 84% 23.8M 0s
 13150K .......... .......... .......... .......... .......... 85% 10.0M 0s
 13200K .......... .......... .......... .......... .......... 85% 12.7M 0s
 13250K .......... .......... .......... .......... .......... 85% 20.9M 0s
 13300K .......... .......... .......... .......... .......... 86% 14.2M 0s
 13350K .......... .......... .......... .......... .......... 86% 23.7M 0s
 13400K .......... .......... .......... .......... .......... 86% 16.1M 0s
 13450K .......... .......... .......... .......... .......... 87% 15.3M 0s
 13500K .......... .......... .......... .......... .......... 87% 16.3M 0s
 13550K .......... .......... .......... .......... .......... 87% 11.6M 0s
 13600K .......... .......... .......... .......... .......... 88% 15.5M 0s
 13650K .......... .......... .......... .......... .......... 88% 25.0M 0s
 13700K .......... .......... .......... .......... .......... 88% 12.6M 0s
 13750K .......... .......... .......... .......... .......... 89% 22.8M 0s
 13800K .......... .......... .......... .......... .......... 89% 14.1M 0s
 13850K .......... .......... .......... .......... .......... 89% 25.6M 0s
 13900K .......... .......... .......... .......... .......... 90% 12.4M 0s
 13950K .......... .......... .......... .......... .......... 90% 32.3M 0s
 14000K .......... .......... .......... .......... .......... 90% 16.6M 0s
 14050K .......... .......... .......... .......... .......... 91% 13.5M 0s
 14100K .......... .......... .......... .......... .......... 91% 22.5M 0s
 14150K .......... .......... .......... .......... .......... 91% 15.1M 0s
 14200K .......... .......... .......... .......... .......... 92% 29.6M 0s
 14250K .......... .......... .......... .......... .......... 92% 20.7M 0s
 14300K .......... .......... .......... .......... .......... 92% 13.8M 0s
 14350K .......... .......... .......... .......... .......... 93% 22.8M 0s
 14400K .......... .......... .......... .......... .......... 93% 12.0M 0s
 14450K .......... .......... .......... .......... .......... 93% 27.8M 0s
 14500K .......... .......... .......... .......... .......... 93% 22.3M 0s
 14550K .......... .......... .......... .......... .......... 94% 30.6M 0s
 14600K .......... .......... .......... .......... .......... 94% 14.0M 0s
 14650K .......... .......... .......... .......... .......... 94% 26.2M 0s
 14700K .......... .......... .......... .......... .......... 95% 18.2M 0s
 14750K .......... .......... .......... .......... .......... 95% 15.4M 0s
 14800K .......... .......... .......... .......... .......... 95% 23.3M 0s
 14850K .......... .......... .......... .......... .......... 96% 31.8M 0s
 14900K .......... .......... .......... .......... .......... 96% 22.2M 0s
 14950K .......... .......... .......... .......... .......... 96% 24.8M 0s
 15000K .......... .......... .......... .......... .......... 97% 27.1M 0s
 15050K .......... .......... .......... .......... .......... 97% 17.8M 0s
 15100K .......... .......... .......... .......... .......... 97% 30.2M 0s
 15150K .......... .......... .......... .......... .......... 98% 14.8M 0s
 15200K .......... .......... .......... .......... .......... 98% 25.9M 0s
 15250K .......... .......... .......... .......... .......... 98% 24.5M 0s
 15300K .......... .......... .......... .......... .......... 99% 15.6M 0s
 15350K .......... .......... .......... .......... .......... 99% 11.9M 0s
 15400K .......... .......... .......... .......... .......... 99% 33.4M 0s
 15450K .......... .......... ..........                      100% 16.1M=2.2s

2025-09-01 01:32:34 (6.99 MB/s) - ‘benchmark_output/runs/my-medhelm-suite/eval_cache/qafacteval.pk.tmp’ saved [15851990/15851990]

/data/wjkim9653/anaconda3/envs/HELM/lib/python3.10/site-packages/spacy/pipeline/lemmatizer.py:188: UserWarning: [W108] The rule-based lemmatizer did not find POS annotation for one or more tokens. Check that your pipeline includes components that assign token.pos, typically 'tagger'+'attribute_ruler' or 'morphologizer'.
  warnings.warn(Warnings.W108)
