Downloading shards:   0%|          | 0/4 [00:00<?, ?it/s]Downloading shards:  25%|██▌       | 1/4 [01:37<04:53, 97.72s/it]Downloading shards:  50%|█████     | 2/4 [02:28<02:20, 70.03s/it]Downloading shards:  75%|███████▌  | 3/4 [03:10<00:57, 57.09s/it]Downloading shards: 100%|██████████| 4/4 [03:24<00:00, 40.21s/it]Downloading shards: 100%|██████████| 4/4 [03:24<00:00, 51.10s/it]
Loading checkpoint shards:   0%|          | 0/4 [00:00<?, ?it/s]Loading checkpoint shards:  25%|██▌       | 1/4 [00:21<01:03, 21.18s/it]Loading checkpoint shards:  50%|█████     | 2/4 [00:39<00:39, 19.68s/it]Loading checkpoint shards:  75%|███████▌  | 3/4 [00:58<00:19, 19.28s/it]Loading checkpoint shards: 100%|██████████| 4/4 [01:01<00:00, 12.82s/it]Loading checkpoint shards: 100%|██████████| 4/4 [01:01<00:00, 15.39s/it]
Setting `pad_token_id` to `eos_token_id`:128001 for open-end generation.
Setting `pad_token_id` to `eos_token_id`:128001 for open-end generation.
Setting `pad_token_id` to `eos_token_id`:128001 for open-end generation.
Setting `pad_token_id` to `eos_token_id`:128001 for open-end generation.
Setting `pad_token_id` to `eos_token_id`:128001 for open-end generation.
Setting `pad_token_id` to `eos_token_id`:128001 for open-end generation.
Setting `pad_token_id` to `eos_token_id`:128001 for open-end generation.
Setting `pad_token_id` to `eos_token_id`:128001 for open-end generation.
Setting `pad_token_id` to `eos_token_id`:128001 for open-end generation.
Setting `pad_token_id` to `eos_token_id`:128001 for open-end generation.
Setting `pad_token_id` to `eos_token_id`:128001 for open-end generation.
Setting `pad_token_id` to `eos_token_id`:128001 for open-end generation.
Setting `pad_token_id` to `eos_token_id`:128001 for open-end generation.
Setting `pad_token_id` to `eos_token_id`:128001 for open-end generation.
Setting `pad_token_id` to `eos_token_id`:128001 for open-end generation.
Setting `pad_token_id` to `eos_token_id`:128001 for open-end generation.
Setting `pad_token_id` to `eos_token_id`:128001 for open-end generation.
Setting `pad_token_id` to `eos_token_id`:128001 for open-end generation.
Setting `pad_token_id` to `eos_token_id`:128001 for open-end generation.
Setting `pad_token_id` to `eos_token_id`:128001 for open-end generation.
/data/wjkim9653/anaconda3/envs/HELM/lib/python3.10/site-packages/spacy/pipeline/lemmatizer.py:188: UserWarning: [W108] The rule-based lemmatizer did not find POS annotation for one or more tokens. Check that your pipeline includes components that assign token.pos, typically 'tagger'+'attribute_ruler' or 'morphologizer'.
  warnings.warn(Warnings.W108)
